◇ injected env (2) from .env // tip: ⌘ multiple files { path: ['.env.local', '.env'] }
Server running at port 3000
Ket noi MongoDB thanh cong!
Database: Nien_Luan_CS
Host: 127.0.0.1
Port: 27017
Cookie: [Object: null prototype] {}
Cookie: [Object: null prototype] {}
Cookie: [Object: null prototype] {}
Cookie: [Object: null prototype] {}
Cookie: [Object: null prototype] {}
Cookie: [Object: null prototype] {}
Cookie: [Object: null prototype] {}
Cookie: [Object: null prototype] {}
Cookie: [Object: null prototype] {}
Cookie: [Object: null prototype] {}
Cookie: [Object: null prototype] {}
Cookie: [Object: null prototype] {}
Cookie: [Object: null prototype] {}
Cookie: [Object: null prototype] {}
Cookie: [Object: null prototype] {}
Cookie: [Object: null prototype] {}
Cookie: [Object: null prototype] {}
Cookie: [Object: null prototype] {}
